// Jest Snapshot v1, https://goo.gl/fbAQLP

exports[`Login renders without crashing 1`] = `
<div
  className="flexContainer"
  id="loginPrivateKey"
>
  <form
    onSubmit={[Function]}
  >
    <div
      className="centeredInput"
    >
      <FormattedMessage
        id="authPrivateKeyPlaceholder"
        values={Object {}}
      >
        <Component />
      </FormattedMessage>
    </div>
    <div
      className="loginButtonRow"
    >
      <Button
        disabled={true}
        id="scan-private-key-qr-button"
        onClick={[Function]}
        primary={true}
        renderIcon={[Function]}
        shouldCenterButtonLabelText={false}
        type="button"
      >
        <FormattedMessage
          id="authScanQRButton"
          values={Object {}}
        />
      </Button>
      <Button
        disabled={true}
        id="loginButton"
        primary={true}
        renderIcon={[Function]}
        shouldCenterButtonLabelText={false}
        type="submit"
      >
        <FormattedMessage
          id="authLogin"
          values={Object {}}
        />
      </Button>
    </div>
  </form>
</div>
`;
